CONTAINER ID        IMAGE               COMMAND                  CREATED             STATUS              PORTS                    NAMES
b5bcc949f075        mysql:5.6           "docker-entrypoint..."   32 minutes ago      Up 18 seconds       0.0.0.0:3306->3306/tcp   db1