[?1h=Unit myabc.service could not be found.[m
[K[?1l>endly-west-1:awitas1511825756111127052$