docker: Error response from daemon: Conflict. The container name "/testMysql" is already in use by container "84df38a810f7791eb98106b6d92245fd486efa3d1f5b96e4ee91ff904600556c". You have to remove (or rename) that container to be able to reuse that name.
See 'docker run --help'.