CONTAINER ID        IMAGE                          COMMAND               CREATED             STATUS              PORTS                  NAMES
dbefd77799f9        rastasheep/ubuntu-sshd:14.04   "/usr/sbin/sshd -D"   7 minutes ago       Up 7 minutes        0.0.0.0:7722->22/tcp   go_build