no
A    /tmp/project3/project1/trunk/src
A    /tmp/project3/project1/trunk/pom.xml
Checked out revision 87736.