[31mERROR[0m: .IOError: [Errno 2] No such file or directory: u'./file:///Projects/golang/src/github.com/viant/endly/system/docker/test/compose/up/docker-compose.yaml'