Stopping redis ... 
[1A[2KStopping redis ... [32mdone[0m[1BRemoving redis ... 
[1A[2KRemoving redis ... [32mdone[0m[1BRemoving network up_default