Reading package lists...
Processing triggers for libc-bin (2.19-0ubuntu6.14) ...