Failed to start myabc.service: Unit myabc.service not found.