bash: cd: /tmp/project3/: No such file or directory