bash: cd: /tmp/project3/project1/trunk: No such file or directory