no
A    /tmp/project3/project2/trunk/src
A    /tmp/project3/project2/trunk/pom.xml
U   /tmp/project3/project2/trunk
Checked out revision 87736.