Path: .
Working Copy Root Path: /private/tmp/project3/project2/trunk
URL: http://svn.viant.com/svn/projects/project2/trunk
Relative URL: ^/project2/trunk
Repository Root: http://svn.specificmedia.com/svn/projects
Repository UUID: 33a7f21d-6c1d-4ac6-91e4-e25195f86762
Revision: 87736
Node Kind: directory
Schedule: normal
Last Changed Author: kkincaid
Last Changed Rev: 87465
Last Changed Date: 2017-08-10 10:28:02 -0700 (Thu, 10 Aug 2017)
