bash: cd: /tmp/project3/project2/trunk: No such file or directory