
REPOSITORY                   TAG                 IMAGE ID            CREATED             SIZE
mysql                        5.6                 96dc914914f5        3 weeks ago         299MB
mysql                        5.7                 5709795eeffa        3 weeks ago         408MB