The push refers to a repository [docker.io/viant/site_profile_backup][1A[1K[K5ce09d3f4eda: Preparing [1B[1A[1K[K86818f9abb06: Preparing [1B[1A[1K[K2d4f7dbd2ab3: Preparing [1B[1A[1K[K8802e73e2550: Preparing [1B[1A[1K[Kf52119af8f24: Preparing [1B[1A[1K[Kef1bff9a0374: Preparing [1B[1A[1K[Kcd7100a72410: Preparing [1B[2A[1K[Kef1bff9a0374: Waiting [2B[1A[1K[Kcd7100a72410: Waiting[1Bdenied: requested access to the resource is denied