[
    {
        "Id": "535ac3be1ca7abe7eba23a79dea021a3bcd16535b4045fa1f4b35aee50170d11",
        "Created": "2018-01-18T17:14:51.7998732Z",
        "Path": "/site_profile_backup",
        "Args": [
            "-t",
            "transfer.json",
            "-c",
            "config.json"
        ],
        "State": {
            "Status": "running",
            "Running": true,
            "Paused": false,
            "Restarting": false,
            "OOMKilled": false,
            "Dead": false,
            "Pid": 22569,
            "ExitCode": 0,
            "Error": "",
            "StartedAt": "2018-01-18T17:14:52.2977038Z",
            "FinishedAt": "0001-01-01T00:00:00Z"
        },
        "Image": "sha256:8c3ff8a7c9de775d3d4d1ed1c8b384d517a3217979547848679d185c84c3c9c0",
        "ResolvConfPath": "/var/lib/docker/containers/535ac3be1ca7abe7eba23a79dea021a3bcd16535b4045fa1f4b35aee50170d11/resolv.conf",
        "HostnamePath": "/var/lib/docker/containers/535ac3be1ca7abe7eba23a79dea021a3bcd16535b4045fa1f4b35aee50170d11/hostname",
        "HostsPath": "/var/lib/docker/containers/535ac3be1ca7abe7eba23a79dea021a3bcd16535b4045fa1f4b35aee50170d11/hosts",
        "LogPath": "/var/lib/docker/containers/535ac3be1ca7abe7eba23a79dea021a3bcd16535b4045fa1f4b35aee50170d11/535ac3be1ca7abe7eba23a79dea021a3bcd16535b4045fa1f4b35aee50170d11-json.log",
        "Name": "/site_backup",
        "RestartCount": 0,
        "Driver": "overlay2",
        "Platform": "linux",
        "MountLabel": "",
        "ProcessLabel": "",
        "AppArmorProfile": "",
        "ExecIDs": null,
        "HostConfig": {
            "Binds": null,
            "ContainerIDFile": "",
            "LogConfig": {
                "Type": "json-file",
                "Config": {}
            },
            "NetworkMode": "default",
            "PortBindings": {
                "8222/tcp": [
                    {
                        "HostIp": "",
                        "HostPort": "8222"
                    }
                ]
            },
            "RestartPolicy": {
                "Name": "no",
                "MaximumRetryCount": 0
            },
            "AutoRemove": false,
            "VolumeDriver": "",
            "VolumesFrom": null,
            "CapAdd": null,
            "CapDrop": null,
            "Dns": [],
            "DnsOptions": [],
            "DnsSearch": [],
            "ExtraHosts": null,
            "GroupAdd": null,
            "IpcMode": "shareable",
            "Cgroup": "",
            "Links": null,
            "OomScoreAdj": 0,
            "PidMode": "",
            "Privileged": false,
            "PublishAllPorts": false,
            "ReadonlyRootfs": false,
            "SecurityOpt": null,
            "UTSMode": "",
            "UsernsMode": "",
            "ShmSize": 67108864,
            "Runtime": "runc",
            "ConsoleSize": [
                0,
                0
            ],
            "Isolation": "",
            "CpuShares": 0,
            "Memory": 0,
            "NanoCpus": 0,
            "CgroupParent": "",
            "BlkioWeight": 0,
            "BlkioWeightDevice": [],
            "BlkioDeviceReadBps": null,
            "BlkioDeviceWriteBps": null,
            "BlkioDeviceReadIOps": null,
            "BlkioDeviceWriteIOps": null,
            "CpuPeriod": 0,
            "CpuQuota": 0,
            "CpuRealtimePeriod": 0,
            "CpuRealtimeRuntime": 0,
            "CpusetCpus": "",
            "CpusetMems": "",
            "Devices": [],
            "DeviceCgroupRules": null,
            "DiskQuota": 0,
            "KernelMemory": 0,
            "MemoryReservation": 0,
            "MemorySwap": 0,
            "MemorySwappiness": null,
            "OomKillDisable": false,
            "PidsLimit": 0,
            "Ulimits": null,
            "CpuCount": 0,
            "CpuPercent": 0,
            "IOMaximumIOps": 0,
            "IOMaximumBandwidth": 0
        },
        "GraphDriver": {
            "Data": {
                "LowerDir": "/var/lib/docker/overlay2/5750ded9ca0e8462eb56341f6d578811f4882465e833465bfb26e00d0242ce78-init/diff:/var/lib/docker/overlay2/32aac7389c5cf85d5f92b7ef00305c7346f07e9b673e235c00c56175f17a4b00/diff:/var/lib/docker/overlay2/bfa422ccca9fbc031ec267f74f4ccec07e1ddbf8df3ac617ec223d8534084997/diff:/var/lib/docker/overlay2/9b23df66441f84415de4bb4ef1192524a1d8d4e0479731d9a34fa93e5427a1d0/diff:/var/lib/docker/overlay2/d2ab483729e29147d584b298c5017793dbfb0a563e8a7f0c50b1e98f1e5a8f33/diff:/var/lib/docker/overlay2/d1b953dbf3457bfb34bf701041d63cb86fdb8ae6887ea786c005abf782f8e96b/diff:/var/lib/docker/overlay2/3dba1bc7b728f2bb691c70e3f7127a467c0d7020dcf864cef458c494b4b00f35/diff",
                "MergedDir": "/var/lib/docker/overlay2/5750ded9ca0e8462eb56341f6d578811f4882465e833465bfb26e00d0242ce78/merged",
                "UpperDir": "/var/lib/docker/overlay2/5750ded9ca0e8462eb56341f6d578811f4882465e833465bfb26e00d0242ce78/diff",
                "WorkDir": "/var/lib/docker/overlay2/5750ded9ca0e8462eb56341f6d578811f4882465e833465bfb26e00d0242ce78/work"
            },
            "Name": "overlay2"
        },
        "Mounts": [],
        "Config": {
            "Hostname": "535ac3be1ca7",
            "Domainname": "",
            "User": "",
            "AttachStdin": false,
            "AttachStdout": false,
            "AttachStderr": false,
            "ExposedPorts": {
                "8222/tcp": {}
            },
            "Tty": false,
            "OpenStdin": false,
            "StdinOnce": false,
            "Env": [
                "no_proxy=*.local, 169.254/16",
                "PATH=/usr/local/sbin:/usr/local/bin:/usr/sbin:/usr/bin:/sbin:/bin"
            ],
            "Cmd": [
                "/site_profile_backup",
                "-t",
                "transfer.json",
                "-c",
                "config.json"
            ],
            "ArgsEscaped": true,
            "Image": "us.gcr.io/tech-ops-poc/site_profile_backup:0.0.7",
            "Volumes": null,
            "WorkingDir": "",
            "Entrypoint": null,
            "OnBuild": null,
            "Labels": {
                "maintainer": "Core-Adserer <dist-core-adserver@viantinc.com>"
            }
        },
        "NetworkSettings": {
            "Bridge": "",
            "SandboxID": "01d6bf10ee6fb2c15dde674cfe3cf84ae18ac635e15c49583ff893b089127141",
            "HairpinMode": false,
            "LinkLocalIPv6Address": "",
            "LinkLocalIPv6PrefixLen": 0,
            "Ports": {
                "8222/tcp": [
                    {
                        "HostIp": "0.0.0.0",
                        "HostPort": "8222"
                    }
                ]
            },
            "SandboxKey": "/var/run/docker/netns/01d6bf10ee6f",
            "SecondaryIPAddresses": null,
            "SecondaryIPv6Addresses": null,
            "EndpointID": "abf777fa2233b8d5af3330e4f6fae3b249959f3814495196f1b4d76fb336a1bf",
            "Gateway": "172.17.0.1",
            "GlobalIPv6Address": "",
            "GlobalIPv6PrefixLen": 0,
            "IPAddress": "172.17.0.2",
            "IPPrefixLen": 16,
            "IPv6Gateway": "",
            "MacAddress": "02:42:ac:11:00:02",
            "Networks": {
                "bridge": {
                    "IPAMConfig": null,
                    "Links": null,
                    "Aliases": null,
                    "NetworkID": "3662d596c132848a81c230080840685898ccf6a175aa2dadbb15e7fe2aa5ed5f",
                    "EndpointID": "abf777fa2233b8d5af3330e4f6fae3b249959f3814495196f1b4d76fb336a1bf",
                    "Gateway": "172.17.0.1",
                    "IPAddress": "172.17.0.2",
                    "IPPrefixLen": 16,
                    "IPv6Gateway": "",
                    "GlobalIPv6Address": "",
                    "GlobalIPv6PrefixLen": 0,
                    "MacAddress": "02:42:ac:11:00:02",
                    "DriverOpts": null
                }
            }
        }
    }
]