REPOSITORY                   TAG                 IMAGE ID            CREATED             SIZE
memcached                    alpine              7934b99fd018        3 weeks ago         7.02MB
mysql                        5.6                 96dc914914f5        3 weeks ago         299MB