no
A    /tmp/project1/trunk/src
A    /tmp/project1/trunk/src/test
A    /tmp/project1/trunk/src/test/java
A    /tmp/project1/trunk/src/test/java/com
A    /tmp/project1/trunk/src/test/java/com/specificmedia
A    /tmp/project1/trunk/src/test/java/com/specificmedia/universe
A    /tmp/project1/trunk/src/test/java/com/specificmedia/universe/track
A    /tmp/project1/trunk/src/test/java/com/specificmedia/universe/track/AdMeldBehaviourMapperTest.java
A    /tmp/project1/trunk/src/test/java/com/specificmedia/universe/track/CrossCountryRedirectorTest.java
A    /tmp/project1/trunk/src/test/java/com/specificmedia/universe/track/guiceconfig
A    /tmp/project1/trunk/src/test/java/com/specificmedia/universe/track/guiceconfig/PixelModule.java
A    /tmp/project1/trunk/src/test/java/com/specificmedia/universe/track/AtzPostProcessorTest.java
A    /tmp/project1/trunk/src/test/java/com/specificmedia/universe/track/PostClickImpressionTest.java
A    /tmp/project1/trunk/src/test/java/com/specificmedia/universe/track/validator
A    /tmp/project1/trunk/src/test/java/com/specificmedia/universe/track/validator/EventIdValidatorTest.java
A    /tmp/project1/trunk/src/test/java/com/specificmedia/universe/track/validator/PixelValidatorTest.java
A    /tmp/project1/trunk/src/test/java/com/specificmedia/universe/track/FraudNotificationToExternalServerTest.java
A    /tmp/project1/trunk/src/test/java/com/specificmedia/universe/track/PixelDisplayRendererDispatcherTest.java
A    /tmp/project1/trunk/src/test/java/com/specificmedia/universe/track/AcquisitionFraudDetectionTest.java
A    /tmp/project1/trunk/src/test/java/com/specificmedia/universe/track/AdMeldDomainNameExtractorTest.java
A    /tmp/project1/trunk/src/test/java/com/specificmedia/universe/track/PixelConstantsTest.java
A    /tmp/project1/trunk/src/test/java/com/specificmedia/universe/track/PixelMiniVariableParserTest.java
A    /tmp/project1/trunk/src/test/java/com/specificmedia/universe/track/IpAddressPostProcessorTest.java
A    /tmp/project1/trunk/src/test/java/com/specificmedia/universe/track/EventTransactionLogAssemblerTest.java
A    /tmp/project1/trunk/src/test/java/com/specificmedia/universe/track/SmuidPostProcessorTest.java
A    /tmp/project1/trunk/src/test/java/com/specificmedia/universe/track/HrefParameterPostProcessorTest.java
A    /tmp/project1/trunk/src/test/java/com/specificmedia/universe/track/HouseholdAcquisitionDetectorTest.java
A    /tmp/project1/trunk/src/test/java/com/specificmedia/universe/track/providers
A    /tmp/project1/trunk/src/test/java/com/specificmedia/universe/track/providers/MockDataExchangeEncryptionProvider.java
A    /tmp/project1/trunk/src/test/java/com/specificmedia/universe/track/FraudDetectionAssemblerTest.java
A    /tmp/project1/trunk/src/test/resources
A    /tmp/project1/trunk/src/main
A    /tmp/project1/trunk/src/main/java
A    /tmp/project1/trunk/src/main/java/com
A    /tmp/project1/trunk/src/main/java/com/specificmedia
A    /tmp/project1/trunk/src/main/java/com/specificmedia/universe
A    /tmp/project1/trunk/src/main/java/com/specificmedia/universe/pixel
A    /tmp/project1/trunk/src/main/java/com/specificmedia/universe/pixel/OptOutTransactionLogAssembler.java
A    /tmp/project1/trunk/src/main/java/com/specificmedia/universe/pixel/AdMeldBheaviourMapper.java
A    /tmp/project1/trunk/src/main/java/com/specificmedia/universe/pixel/CrossCountryRedirector.java
A    /tmp/project1/trunk/src/main/java/com/specificmedia/universe/pixel/RetargetingPixelDisplayRendererDispatcher.java
A    /tmp/project1/trunk/src/main/java/com/specificmedia/universe/pixel/DatapartnerPostBehaviourGatherer.java
A    /tmp/project1/trunk/src/main/java/com/specificmedia/universe/pixel/PostClickImpression.java
A    /tmp/project1/trunk/src/main/java/com/specificmedia/universe/pixel/AtzPostProcessor.java
A    /tmp/project1/trunk/src/main/java/com/specificmedia/universe/pixel/PixelUserUpdater.java
A    /tmp/project1/trunk/src/main/java/com/specificmedia/universe/pixel/FraudNotificationToExternalServer.java
A    /tmp/project1/trunk/src/main/java/com/specificmedia/universe/pixel/HouseholdAcquisitionType.java
A    /tmp/project1/trunk/src/main/java/com/specificmedia/universe/pixel/PiranhaPixelDisplayRendererDispatcher.java
A    /tmp/project1/trunk/src/main/java/com/specificmedia/universe/pixel/AcquisitionFraudDetection.java
A    /tmp/project1/trunk/src/main/java/com/specificmedia/universe/pixel/AdMeldDomainNameExtractor.java
A    /tmp/project1/trunk/src/main/java/com/specificmedia/universe/pixel/PixelTypeDetector.java
A    /tmp/project1/trunk/src/main/java/com/specificmedia/universe/pixel/PixelConstants.java
A    /tmp/project1/trunk/src/main/java/com/specificmedia/universe/pixel/PiranhaPixelDetector.java
A    /tmp/project1/trunk/src/main/java/com/specificmedia/universe/pixel/PixelMiniVariableParser.java
A    /tmp/project1/trunk/src/main/java/com/specificmedia/universe/pixel/IpAddressPostProcessor.java
A    /tmp/project1/trunk/src/main/java/com/specificmedia/universe/pixel/GenericEventCrcUriDescriptor.java
A    /tmp/project1/trunk/src/main/java/com/specificmedia/universe/pixel/EventTransactionLogAssembler.java
A    /tmp/project1/trunk/src/main/java/com/specificmedia/universe/pixel/PixelExecutionResolver.java
A    /tmp/project1/trunk/src/main/java/com/specificmedia/universe/pixel/PixelTransactionLogAssembler.java
A    /tmp/project1/trunk/src/main/java/com/specificmedia/universe/pixel/SmuidPostProcessor.java
A    /tmp/project1/trunk/src/main/java/com/specificmedia/universe/pixel/validators
A    /tmp/project1/trunk/src/main/java/com/specificmedia/universe/pixel/validators/PixelCrcValidator.java
A    /tmp/project1/trunk/src/main/java/com/specificmedia/universe/pixel/validators/RetargetingPixelValidator.java
A    /tmp/project1/trunk/src/main/java/com/specificmedia/universe/pixel/validators/EventIdValidator.java
A    /tmp/project1/trunk/src/main/java/com/specificmedia/universe/pixel/validators/PixelValidator.java
A    /tmp/project1/trunk/src/main/java/com/specificmedia/universe/pixel/validators/TraceableTimpestampValidator.java
A    /tmp/project1/trunk/src/main/java/com/specificmedia/universe/pixel/AcquisitionType.java
A    /tmp/project1/trunk/src/main/java/com/specificmedia/universe/pixel/HrefParameterPostProcessor.java
A    /tmp/project1/trunk/src/main/java/com/specificmedia/universe/pixel/PixelSharedUserUpdater.java
A    /tmp/project1/trunk/src/main/java/com/specificmedia/universe/pixel/HouseholdAcquisitionDetector.java
A    /tmp/project1/trunk/src/main/java/com/specificmedia/universe/pixel/FraudNotificationResponseCollector.java
A    /tmp/project1/trunk/src/main/java/com/specificmedia/universe/pixel/FraudDetectionAssembler.java
A    /tmp/project1/trunk/src/main/resources
A    /tmp/project1/trunk/src/site
A    /tmp/project1/trunk/src/site/site.xml
A    /tmp/project1/trunk/src/site/apt
A    /tmp/project1/trunk/src/site/apt/release-notes.apt
A    /tmp/project1/trunk/src/site/resources
A    /tmp/project1/trunk/src/site/resources/images
A    /tmp/project1/trunk/src/site/xdoc
A    /tmp/project1/trunk/src/site/xdoc/index.xml
A    /tmp/project1/trunk/pom.xml
Checked out revision 87736.