-	0	com.docker.helper
35323	0	com.docker.docker.12096