-	0	com.docker.helper
34524	0	com.docker.docker.12096