Error response from daemon: login attempt to https://repo.com/v2/ failed with status: 404 Not Found
