2093634177 25570     1   0  6:17AM ??         1:19.89 /Library/Java/JavaVirtualMachines/jdk1.7.0_80.jdk/Contents/Home/bin/java -Djava.util.logging.config.file=/opt/dcm/tomcat/conf/logging.properties -Djava.util.logging.manager=org.apache.juli.ClassLoaderLogManager -Djdk.tls.ephemeralDHKeySize=2048 -agentlib:jdwp=transport=dt_socket,address=5100,server=y,suspend=n -Xms728m -Xmx1g -XX:MaxPermSize=256m -Djava.endorsed.dirs=/opt/dcm/tomcat/endorsed -classpath /opt/dcm/tomcat/bin/bootstrap.jar:/opt/dcm/tomcat/bin/tomcat-juli.jar -Dcatalina.base=/opt/dcm/tomcat -Dcatalina.home=/opt/dcm/tomcat -Djava.io.tmpdir=/opt/dcm/tomcat/temp org.apache.catalina.startup.Bootstrap start
2093634177 25676     1   0  6:18AM ??         1:24.41 /Library/Java/JavaVirtualMachines/jdk1.7.0_80.jdk/Contents/Home/bin/java -Djava.util.logging.config.file=/opt/logger/tomcat/conf/logging.properties -Djava.util.logging.manager=org.apache.juli.ClassLoaderLogManager -Djdk.tls.ephemeralDHKeySize=2048 -agentlib:jdwp=transport=dt_socket,address=5101,server=y,suspend=n -Xms728m -Xmx1g -XX:MaxPermSize=256m -Djava.endorsed.dirs=/opt/logger/tomcat/endorsed -classpath /opt/logger/tomcat/bin/bootstrap.jar:/opt/logger/tomcat/bin/tomcat-juli.jar -Dcatalina.base=/opt/logger/tomcat -Dcatalina.home=/opt/logger/tomcat -Djava.io.tmpdir=/opt/logger/tomcat/temp org.apache.catalina.startup.Bootstrap start
2093634177 25780     1   0  6:18AM ??        22:16.09 /Library/Java/JavaVirtualMachines/jdk1.7.0_80.jdk/Contents/Home/bin/java -Djava.util.logging.config.file=/opt/dserver/tomcat/conf/logging.properties -Djava.util.logging.manager=org.apache.juli.ClassLoaderLogManager -Djdk.tls.ephemeralDHKeySize=2048 -agentlib:jdwp=transport=dt_socket,address=5102,server=y,suspend=n -Xms728m -Xmx1g -XX:MaxPermSize=256m -Djava.endorsed.dirs=/opt/dserver/tomcat/endorsed -classpath /opt/dserver/tomcat/bin/bootstrap.jar:/opt/dserver/tomcat/bin/tomcat-juli.jar -Dcatalina.base=/opt/dserver/tomcat -Dcatalina.home=/opt/dserver/tomcat -Djava.io.tmpdir=/opt/dserver/tomcat/temp org.apache.catalina.startup.Bootstrap start
2093634177 28811     1   0  8:06AM ??         0:00.75 /usr/bin/java -jar -Dwebdriver.gecko.driver=/opt/selenium/geckodriver -jar /opt/selenium/selenium-server-standalone.jar -port 8117
2093634177 28863 28854   0  8:06AM ttys010    0:00.00 grep java