origin	https://adrianwit@github.com:443/adrianwit/projectA (fetch)
origin	https://adrianwit@github.com:443/adrianwit/projectA (push)