[K[?1l>instance-1:awitas1511929987114730709$instance-1:awitas1511929987114730709$