CONTAINER ID        IMAGE               COMMAND                  CREATED             STATUS                  PORTS                    NAMES
83ed7b545cbf        mysql:5.6           "docker-entrypoint..."   1 second ago        Up Less than a second   0.0.0.0:3306->3306/tcp   testMysql