[?1h=Unit myabc.service could not be found.[m
[K[?1l>instance-1:awitas1511930317730132096$