[K[?1l>endly-west-1:awitas1511825052232227371$endly-west-1:awitas1511825052232227371$