CONTAINER ID        IMAGE               COMMAND                  CREATED             STATUS                  PORTS                    NAMES
84df38a810f7        mysql:5.6           "docker-entrypoint..."   2 seconds ago       Up Less than a second   0.0.0.0:3306->3306/tcp   testMysql