Path: .
Working Copy Root Path: /Projects/project1/trunk
URL: http://svn.viant.com/svn/projects/project1/trunk
Relative URL: ^/project1/trunk
Repository Root: http://svn.viant.com/svn/projects
Repository UUID: 33a7f21d-6c1d-4ac6-91e4-e25195f86762
Revision: 84740
Node Kind: directory
Schedule: normal
Last Changed Author: auser
Last Changed Rev: 84394
Last Changed Date: 2016-03-31 13:10:55 -0700 (Thu, 31 Mar 2016)
