Darwin Bootstrapper Version 4.0.0: Sun May  7 19:34:52 PDT 2017; root:libxpc_executables-972.70.1~4/launchd/RELEASE_X86_64