ProductName:	Mac OS X
ProductVersion:	10.13.2
BuildVersion:	17C205