Starting redis ... 
[1A[2KStarting redis ... [32mdone[0m[1B