origin	http://github.com:80/adrianwit/echo (fetch)
origin	http://github.com:80/adrianwit/echo (push)