Cloning into '.'...
Checking connectivity... done.